╭──────────────────────────────────────────────────────────────────────╮
│ ● extendo                                             2 items · ⌕ /  │
├──────────────────────────────────────────────────────────────────────┤
│ ▸1  ⊛  Anthropic key · sk-ant-api03-abcdefghijklmnopqrstuv…   1m     │
│  2  ⍞  a plain note                                           2m     │
├──────────────────────────────────────────────────────────────────────┤
│ ●   page 1/1                         1-0/c copy · ↑↓ move · ←→ page  │
│                       p pin · d del · s reveal · ⏎ preview · q quit  │
╰──────────────────────────────────────────────────────────────────────╯