╭──────────────────────────────────────────────────────────────────────╮
│ ⊛ Anthropic key · sk-ant-••••••••••                              1m  │
│                                                                      │
├──────────────────────────────────────────────────────────────────────┤
│ Anthropic key · sk-ant-••••••••••                                    │
│                                                                      │
│ hidden — press s on the row to reveal                                │
├──────────────────────────────────────────────────────────────────────┤
│                                                     any key returns  │
╰──────────────────────────────────────────────────────────────────────╯