╭──────────────────────────────────────────────────────────────────────╮
│ ⊛ Anthropic key · sk-ant-api03-abcdefghijklmnopqrstuvwxyz0123…   1m  │
│                                                                      │
├──────────────────────────────────────────────────────────────────────┤
│ sk-ant-api03-abcdefghijklmnopqrstuvwxyz012345                        │
├──────────────────────────────────────────────────────────────────────┤
│                                                     any key returns  │
╰──────────────────────────────────────────────────────────────────────╯