╭──────────────────────────────────────────────────────────────────────╮
│ ● extendo                                              1 item · ⌕ /  │
├──────────────────────────────────────────────────────────────────────┤
│ ▸1  ⊛  Anthropic key · sk-ant-••••••••••                      1m     │
├──────────────────────────────────────────────────────────────────────┤
│ ●   page 1/1                         1-0/c copy · ↑↓ move · ←→ page  │
│                       p pin · d del · s reveal · ⏎ preview · q quit  │
╰──────────────────────────────────────────────────────────────────────╯