╭──────────────────────────────────────────────────────────────────────╮
│ ◰ Image 3×2 · PNG                                                2d  │
│                                                                      │
├──────────────────────────────────────────────────────────────────────┤
│ 3×2 · PNG · 77 B                                                     │
│                                                                      │
│ ▀▀▀                                                                  │
├──────────────────────────────────────────────────────────────────────┤
│                                                     any key returns  │
╰──────────────────────────────────────────────────────────────────────╯