╭──────────────────────────────────────────────────────────────────────╮
│ ⍞ the quick brown fox jumps over the lazy dog. the quick brow…   1m  │
│                                                                      │
├──────────────────────────────────────────────────────────────────────┤
│ the quick brown fox jumps over the lazy dog. the quick brown fox     │
│ jumps over the lazy dog. the quick brown fox jumps over the lazy     │
│ dog. the quick brown fox jumps over the lazy dog. the quick brown    │
│ fox jumps over the lazy dog. the quick brown fox jumps over the      │
│ lazy dog. the quick brown fox jumps over the lazy dog. the quick     │
│ brown fox jumps over the lazy dog. the quick brown fox jumps over    │
│ the lazy dog. the quick brown fox jumps over the lazy dog. the       │
│ quick brown fox jumps over the lazy dog. the quick brown fox jumps   │
│ over the lazy dog.                                                   │
├──────────────────────────────────────────────────────────────────────┤
│                                                     any key returns  │
╰──────────────────────────────────────────────────────────────────────╯