╭──────────────────────────────────────────────────────────────────────╮
│ ● extendo                                             4 items · ⌕ /  │
├──────────────────────────────────────────────────────────────────────┤
│ >1  txt  tyler@example.com                                    1d  *  │
│  2  txt  git rebase -i HEAD~3                                 1h     │
│  3  img  Image 3×2 · PNG                                      2d     │
│  4  fil  report-final.pdf                                     3d     │
├──────────────────────────────────────────────────────────────────────┤
│ ●   page 1/1                         1-0/c copy · ↑↓ move · ←→ page  │
│                       p pin · d del · s reveal · ⏎ preview · q quit  │
╰──────────────────────────────────────────────────────────────────────╯