╭──────────────────────────────────────────────────────────────────────╮
│ ● extendo                                         1 of 4 · ⌕ rebase  │
├──────────────────────────────────────────────────────────────────────┤
│ ▸1  ⍞  git rebase -i HEAD~3                                   1h     │
├──────────────────────────────────────────────────────────────────────┤
│ ●   page 1/1                         1-0/c copy · ↑↓ move · ←→ page  │
│                       p pin · d del · s reveal · ⏎ preview · q quit  │
╰──────────────────────────────────────────────────────────────────────╯