╭──────────────────────────────────────────────────────────────────────╮
│ ● extendo                                             0 items · ⌕ /  │
├──────────────────────────────────────────────────────────────────────┤
│                                                                      │
│          nothing copied yet — go copy something wonderful            │
│                                                                      │
├──────────────────────────────────────────────────────────────────────┤
│ ●   page 1/1                         1-0/c copy · ↑↓ move · ←→ page  │
│                       p pin · d del · s reveal · ⏎ preview · q quit  │
╰──────────────────────────────────────────────────────────────────────╯