╭──────────────────────────────────────────────────────────────────────╮
│ ● extendo                                           0 of 4 · ⌕ zzzz  │
├──────────────────────────────────────────────────────────────────────┤
│                                                                      │
│                          no match for zzzz                           │
│                                                                      │
├──────────────────────────────────────────────────────────────────────┤
│ ●   page 1/1                         1-0/c copy · ↑↓ move · ←→ page  │
│                       p pin · d del · s reveal · ⏎ preview · q quit  │
╰──────────────────────────────────────────────────────────────────────╯