╭──────────────────────────────────────────────────────────────────────╮
│ ● extendo                                             4 items · ⌕ /  │
├──────────────────────────────────────────────────────────────────────┤
│  1  ⍞  git rebase -i HEAD~3                                   1h  ✦  │
│ ▸2  ⍞  tyler@example.com                                      1d  ✦  │
│  3  ◰  Image 3×2 · PNG                                        2d     │
│  4  ▢  report-final.pdf                                       3d     │
├──────────────────────────────────────────────────────────────────────┤
│ ●   page 1/1                         1-0/c copy · ↑↓ move · ←→ page  │
│                       p pin · d del · s reveal · ⏎ preview · q quit  │
╰──────────────────────────────────────────────────────────────────────╯