╭──────────────────────────────────────────────────────────────────────╮
│ ⍞ git rebase -i HEAD~3                                           1h  │
│ com.apple.Terminal                                                   │
├──────────────────────────────────────────────────────────────────────┤
│ git rebase -i HEAD~3                                                 │
├──────────────────────────────────────────────────────────────────────┤
│                                                     any key returns  │
╰──────────────────────────────────────────────────────────────────────╯