╭──────────────────────────────────────────────────────────────────────╮
│ ● extendo                                                            │
├──────────────────────────────────────────────────────────────────────┤
│                                                                      │
│                      extendo history not found                       │
│                  /nonexistent/extendo/history.json                   │
│                                                                      │
│                        is extendo installed?                         │
│                                                                      │
├──────────────────────────────────────────────────────────────────────┤
│                                                              q quit  │
╰──────────────────────────────────────────────────────────────────────╯