╭──────────────────────────────────────────────────────────────────────╮
│ ● extendo                                           105 items · ⌕ /  │
├──────────────────────────────────────────────────────────────────────┤
│ ▸1  ⍞  clip 21                                               21m     │
│  2  ⍞  clip 22                                               22m     │
│  3  ⍞  clip 23                                               23m     │
│  4  ⍞  clip 24                                               24m     │
│  5  ⍞  clip 25                                               25m     │
│  6  ⍞  clip 26                                               26m     │
│  7  ⍞  clip 27                                               27m     │
│  8  ⍞  clip 28                                               28m     │
│  9  ⍞  clip 29                                               29m     │
│  0  ⍞  clip 30                                               30m     │
├──────────────────────────────────────────────────────────────────────┤
│ p 3/11                               1-0/c copy · ↑↓ move · ←→ page  │
│                       p pin · d del · s reveal · ⏎ preview · q quit  │
╰──────────────────────────────────────────────────────────────────────╯