╭──────────────────────────────────────────────────────────────────────╮
│ ● extendo                                                    1 of 4  │
├──────────────────────────────────────────────────────────────────────┤
│ ▸1  ⍞  git rebase -i HEAD~3                                   1h     │
├──────────────────────────────────────────────────────────────────────┤
│ ⌕ rebase                                                             │
│                                    ⏎ keep · esc clear · ctrl+c quit  │
╰──────────────────────────────────────────────────────────────────────╯