╭──────────────────────────────────────────────────────────────────────╮
│ ● extendo                                            25 items · ⌕ /  │
├──────────────────────────────────────────────────────────────────────┤
│ ▸1  ⍞  clip 11                                               11m     │
│  2  ⍞  clip 12                                               12m     │
│  3  ⍞  clip 13                                               13m     │
│  4  ⍞  clip 14                                               14m     │
│  5  ⍞  clip 15                                               15m     │
│  6  ⍞  clip 16                                               16m     │
│  7  ⍞  clip 17                                               17m     │
│  8  ⍞  clip 18                                               18m     │
│  9  ⍞  clip 19                                               19m     │
│  0  ⍞  clip 20                                               20m     │
├──────────────────────────────────────────────────────────────────────┤
│ ○ ● ○   page 2/3                     1-0/c copy · ↑↓ move · ←→ page  │
│                       p pin · d del · s reveal · ⏎ preview · q quit  │
╰──────────────────────────────────────────────────────────────────────╯